[22:21:09] [main/INFO] (FabricLoader/GameProvider) Loading Minecraft 1.18.2 with Fabric Loader 0.16.14
[22:21:09] [main/DEBUG] (FabricLoader/GamePatch) Found game constructor: net.minecraft.client.main.Main -> net.minecraft.client.MinecraftClient
[22:21:09] [main/DEBUG] (FabricLoader/GamePatch) Patching game constructor <init>(Lnet/minecraft/client/RunArgs;)V
[22:21:09] [main/DEBUG] (FabricLoader/GamePatch) Run directory field is thought to be net/minecraft/client/MinecraftClient/runDirectory
[22:21:09] [main/DEBUG] (FabricLoader/GamePatch) Applying brand name hook to net/minecraft/client/ClientBrandRetriever::getClientModName
[22:21:09] [main/DEBUG] (FabricLoader/GamePatch) Applying brand name hook to net/minecraft/server/MinecraftServer::getServerModName
[22:21:09] [main/DEBUG] (FabricLoader/Mappings) Loading mappings took 283 ms
[22:21:10] [main/DEBUG] (FabricLoader/GamePatch) Patched 4 classs
[22:21:10] [main/DEBUG] (FabricLoader/Discovery) Mod discovery time: 135,3 ms
[22:21:10] [main/DEBUG] (FabricLoader/Resolution) Mod resolution time: 247,2 ms
[22:21:10] [main/INFO] (FabricLoader) Loading 5 mods:
	- fabricloader 0.16.14
	- java 17
	- minecraft 1.18.2
	- mixinextras 0.4.1
	- multigroup 1.0.0
[22:21:10] [main/DEBUG] (FabricLoader/Knot) Adding C:\Users\Xeon computer\OneDrive\Documents\MultiGroupCPU 1.18.2 fabric\build\resources\main to classpath.
[22:21:10] [main/DEBUG] (FabricLoader/Knot) Adding C:\gradle-8.14.2\caches\modules-2\files-2.1\io.github.llamalad7\mixinextras-fabric\0.4.1\8d1a9e96afb990367fa1f904d17580d164da72e3\mixinextras-fabric-0.4.1.jar to classpath.
[22:21:10] [main/DEBUG] (FabricLoader/Entrypoint) Registering new-style initializer trinh_tan_dung.org.MultiGroupModClient for mod multigroup (key client)
[22:21:10] [main/DEBUG] (FabricLoader/Entrypoint) Registering new-style initializer trinh_tan_dung.org.MultiGroupMod for mod multigroup (key main)
[22:21:10] [main/INFO] (FabricLoader/Mixin) SpongePowered MIXIN Subsystem Version=0.8.7 Source=file:/C:/gradle-8.14.2/caches/modules-2/files-2.1/net.fabricmc/sponge-mixin/0.15.5+mixin.0.8.7/22f9eb729e216a091673a574a5906dc1b9027fb3/sponge-mixin-0.15.5+mixin.0.8.7.jar Service=Knot/Fabric Env=CLIENT
[22:21:10] [main/DEBUG] (FabricLoader/Mixin) Initialising Mixin Platform Manager
[22:21:10] [main/DEBUG] (FabricLoader/Mixin) Adding mixin platform agents for container ContainerHandleURI(file:///C:/gradle-8.14.2/caches/modules-2/files-2.1/net.fabricmc/fabric-loader/0.16.14/5778d47f536bf2c63ed2abc1a56f5a1c129e34a/fabric-loader-0.16.14.jar)
[22:21:10] [main/DEBUG] (FabricLoader/Mixin) Instancing new MixinPlatformAgentDefault for ContainerHandleURI(file:///C:/gradle-8.14.2/caches/modules-2/files-2.1/net.fabricmc/fabric-loader/0.16.14/5778d47f536bf2c63ed2abc1a56f5a1c129e34a/fabric-loader-0.16.14.jar)
[22:21:10] [main/DEBUG] (FabricLoader/Mixin) MixinPlatformAgentDefault accepted container ContainerHandleURI(file:///C:/gradle-8.14.2/caches/modules-2/files-2.1/net.fabricmc/fabric-loader/0.16.14/5778d47f536bf2c63ed2abc1a56f5a1c129e34a/fabric-loader-0.16.14.jar)
[22:21:10] [main/DEBUG] (FabricLoader/Mixin) Instancing new MixinPlatformAgentDefault for ContainerHandleURI(file:///C:/gradle-8.14.2/caches/modules-2/files-2.1/net.fabricmc/fabric-loader/0.16.14/5778d47f536bf2c63ed2abc1a56f5a1c129e34a/fabric-loader-0.16.14.jar)
[22:21:10] [main/DEBUG] (FabricLoader/Mixin) MixinPlatformAgentDefault accepted container ContainerHandleURI(file:///C:/gradle-8.14.2/caches/modules-2/files-2.1/net.fabricmc/fabric-loader/0.16.14/5778d47f536bf2c63ed2abc1a56f5a1c129e34a/fabric-loader-0.16.14.jar)
[22:21:10] [main/DEBUG] (FabricLoader/Mixin) Processing prepare() for PlatformAgent[MixinPlatformAgentDefault:ContainerHandleURI(file:///C:/gradle-8.14.2/caches/modules-2/files-2.1/net.fabricmc/fabric-loader/0.16.14/5778d47f536bf2c63ed2abc1a56f5a1c129e34a/fabric-loader-0.16.14.jar)]
[22:21:10] [main/DEBUG] (FabricLoader/Mixin) Processing prepare() for PlatformAgent[MixinPlatformAgentDefault:ContainerHandleURI(file:///C:/gradle-8.14.2/caches/modules-2/files-2.1/net.fabricmc/fabric-loader/0.16.14/5778d47f536bf2c63ed2abc1a56f5a1c129e34a/fabric-loader-0.16.14.jar)]
[22:21:10] [main/INFO] (FabricLoader/Mixin) Loaded Fabric development mappings for mixin remapper!
[22:21:11] [main/DEBUG] (FabricLoader/Knot) Adding C:\gradle-8.14.2\caches\fabric-loom\minecraftMaven\net\minecraft\minecraft-merged\1.18.2-net.fabricmc.yarn.1_18_2.1.18.2+build.4-v2\minecraft-merged-1.18.2-net.fabricmc.yarn.1_18_2.1.18.2+build.4-v2.jar to classpath.
[22:21:11] [main/DEBUG] (FabricLoader/Knot) Adding C:\Users\Xeon computer\OneDrive\Documents\MultiGroupCPU 1.18.2 fabric\build\classes\java\main to classpath.
[22:21:11] [main/DEBUG] (FabricLoader/Knot) Adding C:\Users\Xeon computer\OneDrive\Documents\MultiGroupCPU 1.18.2 fabric\build\resources\main to classpath.
[22:21:11] [main/DEBUG] (FabricLoader/Knot) Adding C:\gradle-8.14.2\caches\fabric-loom\1.18.2\net.fabricmc.yarn.1_18_2.1.18.2+build.4-v2\mappings.jar to classpath.
[22:21:11] [main/DEBUG] (FabricLoader/Knot) Adding C:\gradle-8.14.2\caches\modules-2\files-2.1\io.github.llamalad7\mixinextras-fabric\0.4.1\8d1a9e96afb990367fa1f904d17580d164da72e3\mixinextras-fabric-0.4.1.jar to classpath.
[22:21:11] [main/DEBUG] (FabricLoader/Knot) Adding C:\gradle-8.14.2\caches\modules-2\files-2.1\net.fabricmc\dev-launch-injector\0.2.1+build.8\da8bef7e6e2f952da707f282bdb46882a0fce5e3\dev-launch-injector-0.2.1+build.8.jar to classpath.
[22:21:11] [main/DEBUG] (FabricLoader/Knot) Adding C:\gradle-8.14.2\caches\modules-2\files-2.1\com.mojang\blocklist\1.0.10\5c685c5ffa94c4cd39496c7184c1d122e515ecef\blocklist-1.0.10.jar to classpath.
[22:21:11] [main/DEBUG] (FabricLoader/Knot) Adding C:\gradle-8.14.2\caches\modules-2\files-2.1\com.mojang\patchy\2.2.10\da05971b07cbb379d002cf7eaec6a2048211fefc\patchy-2.2.10.jar to classpath.
[22:21:11] [main/DEBUG] (FabricLoader/Knot) Adding C:\gradle-8.14.2\caches\modules-2\files-2.1\com.github.oshi\oshi-core\5.8.5\1d0ec654d820741327f5a9229d513732a4b7ce50\oshi-core-5.8.5.jar to classpath.
[22:21:11] [main/DEBUG] (FabricLoader/Knot) Adding C:\gradle-8.14.2\caches\modules-2\files-2.1\net.java.dev.jna\jna\5.10.0\7cf4c87dd802db50721db66947aa237d7ad09418\jna-5.10.0.jar to classpath.
[22:21:11] [main/DEBUG] (FabricLoader/Knot) Adding C:\gradle-8.14.2\caches\modules-2\files-2.1\net.java.dev.jna\jna-platform\5.10.0\fbed7d9669dba47714ad0d4f4454290a997aee69\jna-platform-5.10.0.jar to classpath.
[22:21:11] [main/DEBUG] (FabricLoader/Knot) Adding C:\gradle-8.14.2\caches\modules-2\files-2.1\com.ibm.icu\icu4j\70.1\dfa3a1fbc55bf5db8c6e79fc0935ac7ab1202950\icu4j-70.1.jar to classpath.
[22:21:11] [main/DEBUG] (FabricLoader/Knot) Adding C:\gradle-8.14.2\caches\modules-2\files-2.1\com.mojang\javabridge\1.2.24\c876796229b2ef5120f186eab5acc870699d3b9\javabridge-1.2.24.jar to classpath.
[22:21:11] [main/DEBUG] (FabricLoader/Knot) Adding C:\gradle-8.14.2\caches\modules-2\files-2.1\net.sf.jopt-simple\jopt-simple\5.0.4\4fdac2fbe92dfad86aa6e9301736f6b4342a3f5c\jopt-simple-5.0.4.jar to classpath.
[22:21:11] [main/DEBUG] (FabricLoader/Knot) Adding C:\gradle-8.14.2\caches\modules-2\files-2.1\io.netty\netty-all\4.1.68.Final\b8266a3c93c1c051109f71d3449e5dcd5d60b333\netty-all-4.1.68.Final.jar to classpath.
[22:21:11] [main/DEBUG] (FabricLoader/Knot) Adding C:\gradle-8.14.2\caches\modules-2\files-2.1\com.google.guava\failureaccess\1.0.1\1dcf1de382a0bf95a3d8b0849546c88bac1292c9\failureaccess-1.0.1.jar to classpath.
[22:21:11] [main/DEBUG] (FabricLoader/Knot) Adding C:\gradle-8.14.2\caches\modules-2\files-2.1\com.google.guava\guava\31.0.1-jre\119ea2b2bc205b138974d351777b20f02b92704b\guava-31.0.1-jre.jar to classpath.
[22:21:11] [main/DEBUG] (FabricLoader/Knot) Adding C:\gradle-8.14.2\caches\modules-2\files-2.1\org.apache.commons\commons-lang3\3.12.0\c6842c86792ff03b9f1d1fe2aab8dc23aa6c6f0e\commons-lang3-3.12.0.jar to classpath.
[22:21:11] [main/DEBUG] (FabricLoader/Knot) Adding C:\gradle-8.14.2\caches\modules-2\files-2.1\commons-io\commons-io\2.11.0\a2503f302b11ebde7ebc3df41daebe0e4eea3689\commons-io-2.11.0.jar to classpath.
[22:21:11] [main/DEBUG] (FabricLoader/Knot) Adding C:\gradle-8.14.2\caches\modules-2\files-2.1\commons-codec\commons-codec\1.15\49d94806b6e3dc933dacbd8acb0fdbab8ebd1e5d\commons-codec-1.15.jar to classpath.
[22:21:11] [main/DEBUG] (FabricLoader/Knot) Adding C:\gradle-8.14.2\caches\modules-2\files-2.1\com.mojang\brigadier\1.0.18\c1ef1234282716483c92183f49bef47b1a89bfa9\brigadier-1.0.18.jar to classpath.
[22:21:11] [main/DEBUG] (FabricLoader/Knot) Adding C:\gradle-8.14.2\caches\modules-2\files-2.1\com.mojang\datafixerupper\4.1.27\a02c43824ce57c3f7a7d7e744f0d99a040398b5\datafixerupper-4.1.27.jar to classpath.
[22:21:11] [main/DEBUG] (FabricLoader/Knot) Adding C:\gradle-8.14.2\caches\modules-2\files-2.1\org.apache.commons\commons-compress\1.21\4ec95b60d4e86b5c95a0e919cb172a0af98011ef\commons-compress-1.21.jar to classpath.
[22:21:11] [main/DEBUG] (FabricLoader/Knot) Adding C:\gradle-8.14.2\caches\modules-2\files-2.1\org.apache.httpcomponents\httpclient\4.5.13\e5f6cae5ca7ecaac1ec2827a9e2d65ae2869cada\httpclient-4.5.13.jar to classpath.
[22:21:11] [main/DEBUG] (FabricLoader/Knot) Adding C:\gradle-8.14.2\caches\modules-2\files-2.1\commons-logging\commons-logging\1.2\4bfc12adfe4842bf07b657f0369c4cb522955686\commons-logging-1.2.jar to classpath.
[22:21:11] [main/DEBUG] (FabricLoader/Knot) Adding C:\gradle-8.14.2\caches\modules-2\files-2.1\org.apache.httpcomponents\httpcore\4.4.14\9dd1a631c082d92ecd4bd8fd4cf55026c720a8c1\httpcore-4.4.14.jar to classpath.
[22:21:11] [main/DEBUG] (FabricLoader/Knot) Adding C:\gradle-8.14.2\caches\modules-2\files-2.1\it.unimi.dsi\fastutil\8.5.6\76f95700418a68fbc4ac050525261f05dc681ca1\fastutil-8.5.6.jar to classpath.
[22:21:11] [main/DEBUG] (FabricLoader/Knot) Adding C:\gradle-8.14.2\caches\modules-2\files-2.1\org.lwjgl\lwjgl\3.2.2\8ad6294407e15780b43e84929c40e4c5e997972e\lwjgl-3.2.2.jar to classpath.
[22:21:11] [main/DEBUG] (FabricLoader/Knot) Adding C:\gradle-8.14.2\caches\modules-2\files-2.1\org.lwjgl\lwjgl-jemalloc\3.2.2\ee8e57a79300f78294576d87c4a587f8c99402e2\lwjgl-jemalloc-3.2.2.jar to classpath.
[22:21:11] [main/DEBUG] (FabricLoader/Knot) Adding C:\gradle-8.14.2\caches\modules-2\files-2.1\org.lwjgl\lwjgl-openal\3.2.2\2b772a102b0a11ee5f2109a5b136f4dc7c630827\lwjgl-openal-3.2.2.jar to classpath.
[22:21:11] [main/DEBUG] (FabricLoader/Knot) Adding C:\gradle-8.14.2\caches\modules-2\files-2.1\org.lwjgl\lwjgl-opengl\3.2.2\6ac5bb88b44c43ea195a570aab059f63da004cd8\lwjgl-opengl-3.2.2.jar to classpath.
[22:21:11] [main/DEBUG] (FabricLoader/Knot) Adding C:\gradle-8.14.2\caches\modules-2\files-2.1\org.lwjgl\lwjgl-glfw\3.2.2\d3ad4df38e400b8afba1de63f84338809399df5b\lwjgl-glfw-3.2.2.jar to classpath.
[22:21:11] [main/DEBUG] (FabricLoader/Knot) Adding C:\gradle-8.14.2\caches\modules-2\files-2.1\org.lwjgl\lwjgl-stb\3.2.2\3b8e6ebc5851dd3d17e37e5cadce2eff2a429f0f\lwjgl-stb-3.2.2.jar to classpath.
[22:21:11] [main/DEBUG] (FabricLoader/Knot) Adding C:\gradle-8.14.2\caches\modules-2\files-2.1\org.lwjgl\lwjgl-tinyfd\3.2.2\fcbe606c8f8da6f8f9a05e2c540eb1ee8632b0e9\lwjgl-tinyfd-3.2.2.jar to classpath.
[22:21:11] [main/DEBUG] (FabricLoader/Knot) Adding C:\gradle-8.14.2\caches\modules-2\files-2.1\com.mojang\text2speech\1.12.4\1f618f522dbdd93218c270bcfd8f8dd84be31717\text2speech-1.12.4.jar to classpath.
[22:21:11] [main/DEBUG] (FabricLoader/Knot) Adding C:\gradle-8.14.2\caches\modules-2\files-2.1\org.jline\jline-reader\3.20.0\8f15415b022a25b473e8e16c28ae913186ffb9c4\jline-reader-3.20.0.jar to classpath.
[22:21:11] [main/DEBUG] (FabricLoader/Knot) Adding C:\gradle-8.14.2\caches\modules-2\files-2.1\org.jline\jline-terminal\3.20.0\d0ddcc708ddf527a3454c941b7b9225cc83a15ff\jline-terminal-3.20.0.jar to classpath.
[22:21:11] [main/DEBUG] (FabricLoader/Entrypoint) No subscribers for entrypoint 'preLaunch'
[22:21:11] [main/DEBUG] (FabricLoader/Mixin) Preparing mixins for MixinEnvironment[DEFAULT]
[22:21:11] [main/DEBUG] (FabricLoader/Mixin) Selecting config mixinextras.init.mixins.json
[22:21:11] [main/DEBUG] (FabricLoader/MixinExtras|Service) com.llamalad7.mixinextras.service.MixinExtrasServiceImpl(version=0.4.1) is taking over from null
[22:21:11] [main/DEBUG] (FabricLoader/Mixin) Registering new injector for @Inject with org.spongepowered.asm.mixin.injection.struct.CallbackInjectionInfo
[22:21:11] [main/DEBUG] (FabricLoader/Mixin) Registering new injector for @ModifyArg with org.spongepowered.asm.mixin.injection.struct.ModifyArgInjectionInfo
[22:21:11] [main/DEBUG] (FabricLoader/Mixin) Registering new injector for @ModifyArgs with org.spongepowered.asm.mixin.injection.struct.ModifyArgsInjectionInfo
[22:21:11] [main/DEBUG] (FabricLoader/Mixin) Registering new injector for @Redirect with org.spongepowered.asm.mixin.injection.struct.RedirectInjectionInfo
[22:21:11] [main/DEBUG] (FabricLoader/Mixin) Registering new injector for @ModifyVariable with org.spongepowered.asm.mixin.injection.struct.ModifyVariableInjectionInfo
[22:21:11] [main/DEBUG] (FabricLoader/Mixin) Registering new injector for @ModifyConstant with org.spongepowered.asm.mixin.injection.struct.ModifyConstantInjectionInfo
[22:21:11] [main/DEBUG] (FabricLoader/Mixin) Preparing mixinextras.init.mixins.json (0)
[22:21:11] [main/DEBUG] (FabricLoader/Mixin) Prepared 0 mixins in 0,266 sec (∞ms avg) (0ms load, 0ms transform, 0ms plugin)
[22:21:11] [main/DEBUG] (io.netty.util.internal.logging.InternalLoggerFactory) Using SLF4J as the default logging framework
[22:21:11] [main/DEBUG] (io.netty.util.ResourceLeakDetector) -Dio.netty.leakDetection.level: simple
[22:21:11] [main/DEBUG] (io.netty.util.ResourceLeakDetector) -Dio.netty.leakDetection.targetRecords: 4
[22:21:35] [Render thread/INFO] (com.mojang.authlib.yggdrasil.YggdrasilAuthenticationService) Environment: authHost='https://authserver.mojang.com', accountsHost='https://api.mojang.com', sessionHost='https://sessionserver.mojang.com', servicesHost='https://api.minecraftservices.com', name='PROD'
[22:21:35] [Render thread/DEBUG] (com.mojang.authlib.minecraft.client.MinecraftClient) Connecting to https://api.minecraftservices.com/player/attributes
[22:21:37] [Render thread/ERROR] (net.minecraft.client.MinecraftClient) Failed to verify authentication
com.mojang.authlib.exceptions.InvalidCredentialsException: Status: 401
	at com.mojang.authlib.exceptions.MinecraftClientHttpException.toAuthenticationException(MinecraftClientHttpException.java:56) ~[authlib-3.3.39.jar:?]
	at com.mojang.authlib.yggdrasil.YggdrasilUserApiService.fetchProperties(YggdrasilUserApiService.java:132) ~[authlib-3.3.39.jar:?]
	at com.mojang.authlib.yggdrasil.YggdrasilUserApiService.<init>(YggdrasilUserApiService.java:44) ~[authlib-3.3.39.jar:?]
	at com.mojang.authlib.yggdrasil.YggdrasilAuthenticationService.createUserApiService(YggdrasilAuthenticationService.java:153) ~[authlib-3.3.39.jar:?]
	at net.minecraft.client.MinecraftClient.createUserApiService(MinecraftClient.java:680) [minecraft-merged-1.18.2-net.fabricmc.yarn.1_18_2.1.18.2+build.4-v2.jar:?]
	at net.minecraft.client.MinecraftClient.<init>(MinecraftClient.java:424) [minecraft-merged-1.18.2-net.fabricmc.yarn.1_18_2.1.18.2+build.4-v2.jar:?]
	at net.minecraft.client.main.Main.main(Main.java:197) [minecraft-merged-1.18.2-net.fabricmc.yarn.1_18_2.1.18.2+build.4-v2.jar:?]
	at net.fabricmc.loader.impl.game.minecraft.MinecraftGameProvider.launch(MinecraftGameProvider.java:480) [fabric-loader-0.16.14.jar:?]
	at net.fabricmc.loader.impl.launch.knot.Knot.launch(Knot.java:74) [fabric-loader-0.16.14.jar:?]
	at net.fabricmc.loader.impl.launch.knot.KnotClient.main(KnotClient.java:23) [fabric-loader-0.16.14.jar:?]
	at net.fabricmc.devlaunchinjector.Main.main(Main.java:86) [dev-launch-injector-0.2.1+build.8.jar:?]
Caused by: com.mojang.authlib.exceptions.MinecraftClientHttpException: Status: 401
	at com.mojang.authlib.minecraft.client.MinecraftClient.readInputStream(MinecraftClient.java:78) ~[authlib-3.3.39.jar:?]
	at com.mojang.authlib.minecraft.client.MinecraftClient.get(MinecraftClient.java:48) ~[authlib-3.3.39.jar:?]
	at com.mojang.authlib.yggdrasil.YggdrasilUserApiService.fetchProperties(YggdrasilUserApiService.java:113) ~[authlib-3.3.39.jar:?]
	... 9 more
[22:21:37] [Render thread/INFO] (net.minecraft.client.MinecraftClient) Setting user: Player382
[22:21:37] [Render thread/DEBUG] (FabricLoader/Entrypoint) Iterating over entrypoint 'main'
[22:21:37] [Render thread/INFO] (net.minecraft.util.logging.LoggerPrintStream) [STDOUT]: [MultiGroupMod] 🚀 Khởi động affinity...
[22:21:37] [Affinity-StatusReporter/INFO] (net.minecraft.util.logging.LoggerPrintStream) [STDOUT]: === [Affinity Status Report] ===
[22:21:37] [Affinity-StatusReporter/INFO] (net.minecraft.util.logging.LoggerPrintStream) [STDOUT]: Tổng số group CPU: 2
[22:21:37] [Affinity-StatusReporter/INFO] (net.minecraft.util.logging.LoggerPrintStream) [STDOUT]: === [Affinity Status Report] ===
[22:21:37] [Affinity-StatusReporter/INFO] (net.minecraft.util.logging.LoggerPrintStream) [STDOUT]: Tổng số group CPU: 2
[22:21:37] [Affinity-StatusReporter/INFO] (net.minecraft.util.logging.LoggerPrintStream) [STDOUT]: ===============================
[22:21:37] [Affinity-StatusReporter/INFO] (net.minecraft.util.logging.LoggerPrintStream) [STDOUT]: ===============================
[22:21:37] [Render thread/DEBUG] (FabricLoader/Entrypoint) Iterating over entrypoint 'client'
[22:21:37] [Render thread/INFO] (net.minecraft.util.logging.LoggerPrintStream) [STDOUT]: [MultiGroupMod] ✅ Client setup bắt đầu
[22:21:38] [Render thread/INFO] (net.minecraft.client.MinecraftClient) Backend library: LWJGL version 3.2.2 build 10
[22:21:42] [Affinity-BinderInit/INFO] (net.minecraft.util.logging.LoggerPrintStream) [STDOUT]: [Binder] 🎮 Gán Render thread → Group 0
[22:21:42] [Affinity-DelayedInit/INFO] (net.minecraft.util.logging.LoggerPrintStream) [STDOUT]: [MultiGroupMod] ✅ Đã gán affinity sau delay
[22:21:44] [Render thread/DEBUG] (com.mojang.blaze3d.systems.RenderSystem) Growing IndexBuffer: Old limit 0, new limit 9360.
[22:21:44] [Render thread/DEBUG] (com.mojang.blaze3d.systems.RenderSystem) Growing IndexBuffer: Old limit 0, new limit 20.
[22:21:45] [Render thread/DEBUG] (io.netty.util.internal.InternalThreadLocalMap) -Dio.netty.threadLocalMap.stringBuilder.initialSize: 1024
[22:21:45] [Render thread/DEBUG] (io.netty.util.internal.InternalThreadLocalMap) -Dio.netty.threadLocalMap.stringBuilder.maxSize: 4096
[22:21:45] [Render thread/DEBUG] (io.netty.util.internal.ThreadLocalRandom) -Dio.netty.initialSeedUniquifier: 0x1e2a0e3394088157
[22:21:46] [Render thread/INFO] (com.mojang.text2speech.NarratorWindows) Narrator library for x64 successfully loaded
[22:21:46] [Render thread/INFO] (net.minecraft.resource.ReloadableResourceManagerImpl) Reloading ResourceManager: Default
[22:21:47] [Realms Notification Availability checker #1/INFO] (net.minecraft.client.realms.RealmsClient) Could not authorize you against Realms server: java.lang.RuntimeException: Failed to parse into SignedJWT: FabricMC
[22:21:51] [Render thread/INFO] (net.minecraft.client.sound.SoundEngine) OpenAL initialized on device OpenAL Soft on Headphones (3- K6)
[22:21:51] [Render thread/INFO] (net.minecraft.client.sound.SoundSystem) Sound engine started
[22:21:52] [Render thread/INFO] (net.minecraft.client.texture.SpriteAtlasTexture) Created: 1024x1024x4 minecraft:textures/atlas/blocks.png-atlas
[22:21:52] [Render thread/INFO] (net.minecraft.client.texture.SpriteAtlasTexture) Created: 256x128x4 minecraft:textures/atlas/signs.png-atlas
[22:21:52] [Render thread/INFO] (net.minecraft.client.texture.SpriteAtlasTexture) Created: 1024x512x4 minecraft:textures/atlas/banner_patterns.png-atlas
[22:21:52] [Render thread/INFO] (net.minecraft.client.texture.SpriteAtlasTexture) Created: 1024x512x4 minecraft:textures/atlas/shield_patterns.png-atlas
[22:21:52] [Render thread/INFO] (net.minecraft.client.texture.SpriteAtlasTexture) Created: 256x256x4 minecraft:textures/atlas/chest.png-atlas
[22:21:52] [Render thread/INFO] (net.minecraft.client.texture.SpriteAtlasTexture) Created: 512x256x4 minecraft:textures/atlas/beds.png-atlas
[22:21:52] [Render thread/INFO] (net.minecraft.client.texture.SpriteAtlasTexture) Created: 512x256x4 minecraft:textures/atlas/shulker_boxes.png-atlas
[22:21:52] [Affinity-StatusReporter/INFO] (net.minecraft.util.logging.LoggerPrintStream) [STDOUT]: === [Affinity Status Report] ===
[22:21:52] [Affinity-StatusReporter/INFO] (net.minecraft.util.logging.LoggerPrintStream) [STDOUT]: Tổng số group CPU: 2
[22:21:52] [Affinity-StatusReporter/INFO] (net.minecraft.util.logging.LoggerPrintStream) [STDOUT]: ===============================
[22:21:52] [Affinity-StatusReporter/INFO] (net.minecraft.util.logging.LoggerPrintStream) [STDOUT]: === [Affinity Status Report] ===
[22:21:52] [Affinity-StatusReporter/INFO] (net.minecraft.util.logging.LoggerPrintStream) [STDOUT]: Tổng số group CPU: 2
[22:21:52] [Affinity-StatusReporter/INFO] (net.minecraft.util.logging.LoggerPrintStream) [STDOUT]: ===============================
[22:21:54] [Render thread/INFO] (net.minecraft.client.texture.SpriteAtlasTexture) Created: 256x256x0 minecraft:textures/atlas/particles.png-atlas
[22:21:54] [Render thread/INFO] (net.minecraft.client.texture.SpriteAtlasTexture) Created: 256x256x0 minecraft:textures/atlas/paintings.png-atlas
[22:21:54] [Render thread/INFO] (net.minecraft.client.texture.SpriteAtlasTexture) Created: 256x128x0 minecraft:textures/atlas/mob_effects.png-atlas
[22:22:07] [Affinity-StatusReporter/INFO] (net.minecraft.util.logging.LoggerPrintStream) [STDOUT]: === [Affinity Status Report] ===
[22:22:07] [Affinity-StatusReporter/INFO] (net.minecraft.util.logging.LoggerPrintStream) [STDOUT]: Tổng số group CPU: 2
[22:22:07] [Affinity-StatusReporter/INFO] (net.minecraft.util.logging.LoggerPrintStream) [STDOUT]: === [Affinity Status Report] ===
[22:22:07] [Affinity-StatusReporter/INFO] (net.minecraft.util.logging.LoggerPrintStream) [STDOUT]: Tổng số group CPU: 2
[22:22:07] [Affinity-StatusReporter/INFO] (net.minecraft.util.logging.LoggerPrintStream) [STDOUT]: ===============================
[22:22:07] [Affinity-StatusReporter/INFO] (net.minecraft.util.logging.LoggerPrintStream) [STDOUT]: ===============================
[22:22:22] [Affinity-StatusReporter/INFO] (net.minecraft.util.logging.LoggerPrintStream) [STDOUT]: === [Affinity Status Report] ===
[22:22:22] [Affinity-StatusReporter/INFO] (net.minecraft.util.logging.LoggerPrintStream) [STDOUT]: Tổng số group CPU: 2
[22:22:22] [Affinity-StatusReporter/INFO] (net.minecraft.util.logging.LoggerPrintStream) [STDOUT]: ===============================
[22:22:22] [Affinity-StatusReporter/INFO] (net.minecraft.util.logging.LoggerPrintStream) [STDOUT]: === [Affinity Status Report] ===
[22:22:22] [Affinity-StatusReporter/INFO] (net.minecraft.util.logging.LoggerPrintStream) [STDOUT]: Tổng số group CPU: 2
[22:22:22] [Affinity-StatusReporter/INFO] (net.minecraft.util.logging.LoggerPrintStream) [STDOUT]: ===============================
[22:22:26] [Render thread/INFO] (net.minecraft.client.MinecraftClient) Stopping!
