[23thg 62025 12:09:37.064] [main/INFO] [cpw.mods.modlauncher.Launcher/MODLAUNCHER]: ModLauncher running: args [--launchTarget, forgeclientdev, --version, 21.1.180, --assetIndex, 17, --assetsDir, C:\\gradle-8.14.2\\caches\\neoformruntime\\assets, --gameDir, ., --fml.fmlVersion, 4.0.39, --fml.mcVersion, 1.21.1, --fml.neoForgeVersion, 21.1.180, --fml.neoFormVersion, 20240808.144430]
[23thg 62025 12:09:37.072] [main/INFO] [cpw.mods.modlauncher.Launcher/MODLAUNCHER]: JVM identified as Azul Systems, Inc. OpenJDK 64-Bit Server VM 21.0.7+6-LTS
[23thg 62025 12:09:37.079] [main/INFO] [cpw.mods.modlauncher.Launcher/MODLAUNCHER]: ModLauncher 11.0.5+main.901c6ea8 starting: java version 21.0.7 by Azul Systems, Inc.; OS Windows 11 arch amd64 version 10.0
[23thg 62025 12:09:37.537] [main/INFO] [net.neoforged.fml.loading.ImmediateWindowHandler/]: Loading ImmediateWindowProvider fmlearlywindow
[23thg 62025 12:09:37.865] [main/INFO] [EARLYDISPLAY/]: Trying GL version 4.6
[23thg 62025 12:09:38.368] [main/INFO] [EARLYDISPLAY/]: Requested GL version 4.6 got version 4.6
[23thg 62025 12:09:38.782] [main/INFO] [mixin/]: SpongePowered MIXIN Subsystem Version=0.8.7 Source=union:/C:/gradle-8.14.2/caches/modules-2/files-2.1/net.fabricmc/sponge-mixin/0.15.2+mixin.0.8.7/2af2f021d8e02a0220dc27a7a72b4666d66d44ca/sponge-mixin-0.15.2+mixin.0.8.7.jar%23138!/ Service=ModLauncher Env=CLIENT
[23thg 62025 12:09:39.071] [pool-2-thread-1/INFO] [EARLYDISPLAY/]: GL info: NVIDIA GeForce GTX 1660/PCIe/SSE2 GL version 4.6.0 NVIDIA 576.80, NVIDIA Corporation
[23thg 62025 12:09:40.416] [main/INFO] [net.neoforged.fml.loading.moddiscovery.locators.JarInJarDependencyLocator/]: Found 2 dependencies adding them to mods collection
[23thg 62025 12:09:40.424] [main/INFO] [net.neoforged.fml.loading.moddiscovery.ModDiscoverer/]: 
     Mod List:
		Name Version (Mod Id)

		Minecraft 1.21.1 (minecraft)
		Multi Group java 1.0-SNAPSHOT (multigroup)
		NeoForge 21.1.180 (neoforge)
[23thg 62025 12:09:44.425] [main/INFO] [cpw.mods.modlauncher.LaunchServiceHandler/MODLAUNCHER]: Launching target 'forgeclientdev' with arguments [--version, 21.1.180, --gameDir, ., --assetsDir, C:\gradle-8.14.2\caches\neoformruntime\assets, --assetIndex, 17]
[23thg 62025 12:09:44.798] [main/WARN] [mixin/]: Reference map 'multigroup.mixins.refmap.json' for multigroup.mixins.json could not be read. If this is a development environment you can ignore this message
[23thg 62025 12:09:52.748] [Datafixer Bootstrap/INFO] [com.mojang.datafixers.DataFixerBuilder/]: 229 Datafixer optimizations took 893 milliseconds
[23thg 62025 12:09:54.082] [pool-7-thread-1/INFO] [MixinExtras|Service/]: Initializing MixinExtras via com.llamalad7.mixinextras.service.MixinExtrasServiceImpl(version=0.4.1).
[23thg 62025 12:10:08.575] [main/WARN] [net.minecraft.commands.Commands/]: Ambiguity between arguments [teleport, location] and [teleport, destination] with inputs: [0.1 -0.5 .9, 0 0 0]
[23thg 62025 12:10:08.578] [main/WARN] [net.minecraft.commands.Commands/]: Ambiguity between arguments [teleport, location] and [teleport, targets] with inputs: [0.1 -0.5 .9, 0 0 0]
[23thg 62025 12:10:08.584] [main/WARN] [net.minecraft.commands.Commands/]: Ambiguity between arguments [teleport, destination] and [teleport, targets] with inputs: [Player, 0123, @e, dd12be42-52a9-4a91-a8a1-11c01849e498]
[23thg 62025 12:10:08.586] [main/WARN] [net.minecraft.commands.Commands/]: Ambiguity between arguments [teleport, targets] and [teleport, destination] with inputs: [Player, 0123, dd12be42-52a9-4a91-a8a1-11c01849e498]
[23thg 62025 12:10:08.589] [main/WARN] [net.minecraft.commands.Commands/]: Ambiguity between arguments [teleport, targets, location] and [teleport, targets, destination] with inputs: [0.1 -0.5 .9, 0 0 0]
[23thg 62025 12:10:09.015] [Render thread/WARN] [net.minecraft.server.packs.VanillaPackResourcesBuilder/]: Assets URL 'union:/C:/Users/Xeon%20computer/OneDrive/Documents/MultiGroupCPU/build/moddev/artifacts/neoforge-21.1.180.jar%23189!/assets/.mcassetsroot' uses unexpected schema
[23thg 62025 12:10:09.016] [Render thread/WARN] [net.minecraft.server.packs.VanillaPackResourcesBuilder/]: Assets URL 'union:/C:/Users/Xeon%20computer/OneDrive/Documents/MultiGroupCPU/build/moddev/artifacts/neoforge-21.1.180.jar%23189!/data/.mcassetsroot' uses unexpected schema
[23thg 62025 12:10:09.196] [Render thread/INFO] [com.mojang.authlib.yggdrasil.YggdrasilAuthenticationService/]: Environment: Environment[sessionHost=https://sessionserver.mojang.com, servicesHost=https://api.minecraftservices.com, name=PROD]
[23thg 62025 12:10:09.249] [Render thread/INFO] [net.minecraft.client.Minecraft/]: Setting user: Dev
[23thg 62025 12:10:09.793] [Render thread/INFO] [net.minecraft.client.Minecraft/]: Backend library: LWJGL version 3.3.3+5
[23thg 62025 12:10:10.650] [modloading-worker-0/INFO] [net.neoforged.neoforge.common.NeoForgeMod/NEOFORGE-MOD]: NeoForge mod loading, version 21.1.180, for MC 1.21.1
[23thg 62025 12:10:12.557] [Render thread/INFO] [net.neoforged.neoforge.gametest.GameTestHooks/]: Enabled Gametest Namespaces: [multigroup]
[23thg 62025 12:10:12.826] [Render thread/INFO] [net.minecraft.server.packs.resources.ReloadableResourceManager/]: Reloading ResourceManager: vanilla, mod_resources, mod/multigroup, mod/neoforge
[23thg 62025 12:10:13.466] [Worker-Main-5/INFO] [net.minecraft.client.gui.font.providers.UnihexProvider/]: Found unifont_all_no_pua-15.1.05.hex, loading
[23thg 62025 12:10:13.542] [Worker-Main-3/INFO] [net.minecraft.client.gui.font.providers.UnihexProvider/]: Found unifont_jp_patch-15.1.05.hex, loading
[23thg 62025 12:10:17.173] [Render thread/WARN] [net.minecraft.client.sounds.SoundEngine/]: Missing sound for event: minecraft:item.goat_horn.play
[23thg 62025 12:10:17.174] [Render thread/WARN] [net.minecraft.client.sounds.SoundEngine/]: Missing sound for event: minecraft:entity.goat.screaming.horn_break
[23thg 62025 12:10:17.365] [Render thread/INFO] [com.mojang.blaze3d.audio.Library/]: OpenAL initialized on device OpenAL Soft on Headphones (3- K6)
[23thg 62025 12:10:17.371] [Render thread/INFO] [net.minecraft.client.sounds.SoundEngine/SOUNDS]: Sound engine started
[23thg 62025 12:10:17.564] [Render thread/INFO] [net.minecraft.client.renderer.texture.TextureAtlas/]: Created: 1024x512x4 minecraft:textures/atlas/blocks.png-atlas
[23thg 62025 12:10:17.601] [Render thread/INFO] [net.minecraft.client.renderer.texture.TextureAtlas/]: Created: 256x256x4 minecraft:textures/atlas/signs.png-atlas
[23thg 62025 12:10:17.602] [Render thread/INFO] [net.minecraft.client.renderer.texture.TextureAtlas/]: Created: 512x512x4 minecraft:textures/atlas/shield_patterns.png-atlas
[23thg 62025 12:10:17.603] [Render thread/INFO] [net.minecraft.client.renderer.texture.TextureAtlas/]: Created: 512x512x4 minecraft:textures/atlas/banner_patterns.png-atlas
[23thg 62025 12:10:17.604] [Render thread/INFO] [net.minecraft.client.renderer.texture.TextureAtlas/]: Created: 1024x1024x4 minecraft:textures/atlas/armor_trims.png-atlas
[23thg 62025 12:10:17.609] [Render thread/INFO] [net.minecraft.client.renderer.texture.TextureAtlas/]: Created: 256x256x4 minecraft:textures/atlas/chest.png-atlas
[23thg 62025 12:10:17.609] [Render thread/INFO] [net.minecraft.client.renderer.texture.TextureAtlas/]: Created: 128x64x4 minecraft:textures/atlas/decorated_pot.png-atlas
[23thg 62025 12:10:17.611] [Render thread/INFO] [net.minecraft.client.renderer.texture.TextureAtlas/]: Created: 512x256x4 minecraft:textures/atlas/shulker_boxes.png-atlas
[23thg 62025 12:10:17.611] [Render thread/INFO] [net.minecraft.client.renderer.texture.TextureAtlas/]: Created: 512x256x4 minecraft:textures/atlas/beds.png-atlas
[23thg 62025 12:10:18.857] [Render thread/INFO] [net.minecraft.client.renderer.texture.TextureAtlas/]: Created: 512x256x0 minecraft:textures/atlas/particles.png-atlas
[23thg 62025 12:10:18.863] [Render thread/INFO] [net.minecraft.client.renderer.texture.TextureAtlas/]: Created: 512x256x0 minecraft:textures/atlas/paintings.png-atlas
[23thg 62025 12:10:18.864] [Render thread/INFO] [net.minecraft.client.renderer.texture.TextureAtlas/]: Created: 256x128x0 minecraft:textures/atlas/mob_effects.png-atlas
[23thg 62025 12:10:18.865] [Render thread/INFO] [net.minecraft.client.renderer.texture.TextureAtlas/]: Created: 64x64x0 minecraft:textures/atlas/map_decorations.png-atlas
[23thg 62025 12:10:18.865] [Render thread/INFO] [net.minecraft.client.renderer.texture.TextureAtlas/]: Created: 1024x512x0 minecraft:textures/atlas/gui.png-atlas
[23thg 62025 12:10:18.989] [Render thread/WARN] [net.minecraft.client.renderer.ShaderInstance/]: Shader rendertype_entity_translucent_emissive could not find sampler named Sampler2 in the specified shader program.
[23thg 62025 12:10:19.280] [Render thread/INFO] [net.neoforged.neoforge.client.entity.animation.json.AnimationLoader/]: Loaded 0 entity animations
[23thg 62025 12:17:33.179] [Render thread/INFO] [net.minecraft.world.item.crafting.RecipeManager/]: Loaded 1290 recipes
[23thg 62025 12:17:34.320] [Render thread/INFO] [net.minecraft.advancements.AdvancementTree/]: Loaded 1399 advancements
[23thg 62025 12:17:35.147] [Server thread/INFO] [net.minecraft.client.server.IntegratedServer/]: Starting integrated minecraft server version 1.21.1
[23thg 62025 12:17:35.147] [Server thread/INFO] [net.minecraft.server.MinecraftServer/]: Generating keypair
[23thg 62025 12:17:37.546] [Server thread/INFO] [net.minecraft.server.MinecraftServer/]: Preparing start region for dimension minecraft:overworld
[23thg 62025 12:17:38.565] [progressListener/INFO] [net.minecraft.server.level.progress.LoggerChunkProgressListener/]: Đang chuẩn bị khu vực sinh ra: 0%
[23thg 62025 12:17:38.565] [progressListener/INFO] [net.minecraft.server.level.progress.LoggerChunkProgressListener/]: Đang chuẩn bị khu vực sinh ra: 0%
[23thg 62025 12:17:38.565] [progressListener/INFO] [net.minecraft.server.level.progress.LoggerChunkProgressListener/]: Đang chuẩn bị khu vực sinh ra: 0%
[23thg 62025 12:17:39.122] [Server thread/INFO] [net.neoforged.neoforge.server.permission.PermissionAPI/]: Successfully initialized permission handler neoforge:default_handler
[23thg 62025 12:17:39.125] [progressListener/INFO] [net.minecraft.server.level.progress.LoggerChunkProgressListener/]: Time elapsed: 1571 ms
[23thg 62025 12:17:39.278] [Server thread/INFO] [net.minecraft.client.server.IntegratedServer/]: Changing view distance to 32, from 10
[23thg 62025 12:17:39.278] [Server thread/INFO] [net.minecraft.client.server.IntegratedServer/]: Changing simulation distance to 32, from 0
[23thg 62025 12:17:41.972] [Server thread/INFO] [net.minecraft.server.players.PlayerList/]: Dev[local:E:e8214e41] logged in with entity id 3 at (-391.24567896324, 147.85506209156807, 886.7135862986584)
[23thg 62025 12:17:42.238] [Server thread/INFO] [net.minecraft.server.MinecraftServer/]: Dev đã tham gia trò chơi
[23thg 62025 12:17:43.065] [Render thread/INFO] [net.minecraft.advancements.AdvancementTree/]: Loaded 2 advancements
[23thg 62025 12:17:44.171] [Server thread/INFO] [net.minecraft.client.server.IntegratedServer/]: Saving and pausing game...
[23thg 62025 12:17:44.387] [Server thread/INFO] [net.minecraft.server.MinecraftServer/]: Saving chunks for level 'ServerLevel[Thế giới mới]'/minecraft:overworld
[23thg 62025 12:17:44.484] [Server thread/INFO] [net.minecraft.server.MinecraftServer/]: Saving chunks for level 'ServerLevel[Thế giới mới]'/minecraft:the_nether
[23thg 62025 12:17:44.484] [Server thread/INFO] [net.minecraft.server.MinecraftServer/]: Saving chunks for level 'ServerLevel[Thế giới mới]'/minecraft:the_end
[23thg 62025 12:18:29.383] [Server thread/WARN] [net.minecraft.server.MinecraftServer/]: Can't keep up! Is the server overloaded? Running 2155ms or 43 ticks behind
[23thg 62025 12:18:44.741] [Server thread/INFO] [net.minecraft.client.server.IntegratedServer/]: Saving and pausing game...
[23thg 62025 12:18:44.770] [Server thread/INFO] [net.minecraft.server.MinecraftServer/]: Saving chunks for level 'ServerLevel[Thế giới mới]'/minecraft:overworld
[23thg 62025 12:18:50.478] [Server thread/INFO] [net.minecraft.server.MinecraftServer/]: Saving chunks for level 'ServerLevel[Thế giới mới]'/minecraft:the_nether
[23thg 62025 12:18:50.479] [Server thread/INFO] [net.minecraft.server.MinecraftServer/]: Saving chunks for level 'ServerLevel[Thế giới mới]'/minecraft:the_end
[23thg 62025 12:18:50.503] [Server thread/WARN] [net.minecraft.server.MinecraftServer/]: Can't keep up! Is the server overloaded? Running 6127ms or 122 ticks behind
[23thg 62025 12:18:52.839] [Server thread/INFO] [net.minecraft.client.server.IntegratedServer/]: Changing view distance to 10, from 32
[23thg 62025 12:18:52.922] [Server thread/INFO] [net.minecraft.client.server.IntegratedServer/]: Changing simulation distance to 10, from 32
[23thg 62025 12:19:02.205] [Server thread/INFO] [net.minecraft.server.MinecraftServer/]: [Dev: Đã chỉnh chế độ chơi cho bản thân thành Chế độ khán giả]
[23thg 62025 12:19:02.290] [Render thread/INFO] [net.minecraft.client.gui.components.ChatComponent/]: [System] [CHAT] Đã chỉnh chế độ chơi cho bản thân thành Chế độ khán giả
[23thg 62025 12:19:14.540] [Server thread/INFO] [net.minecraft.server.MinecraftServer/]: [Dev: Đã dịch chuyển Dev đến -266.245233, 126.373260, 11168.277230]
[23thg 62025 12:19:14.574] [Render thread/INFO] [net.minecraft.client.gui.components.ChatComponent/]: [System] [CHAT] Đã dịch chuyển Dev đến -266.245233, 126.373260, 11168.277230
[23thg 62025 12:19:40.776] [Server thread/INFO] [net.minecraft.client.server.IntegratedServer/]: Saving and pausing game...
[23thg 62025 12:19:40.795] [Server thread/INFO] [net.minecraft.server.MinecraftServer/]: Saving chunks for level 'ServerLevel[Thế giới mới]'/minecraft:overworld
[23thg 62025 12:19:40.801] [Server thread/INFO] [net.minecraft.server.MinecraftServer/]: Saving chunks for level 'ServerLevel[Thế giới mới]'/minecraft:the_nether
[23thg 62025 12:19:40.801] [Server thread/INFO] [net.minecraft.server.MinecraftServer/]: Saving chunks for level 'ServerLevel[Thế giới mới]'/minecraft:the_end
[23thg 62025 12:19:42.777] [Server thread/INFO] [net.minecraft.client.server.IntegratedServer/]: Saving and pausing game...
[23thg 62025 12:19:42.795] [Server thread/INFO] [net.minecraft.server.MinecraftServer/]: Saving chunks for level 'ServerLevel[Thế giới mới]'/minecraft:overworld
[23thg 62025 12:19:42.801] [Server thread/INFO] [net.minecraft.server.MinecraftServer/]: Saving chunks for level 'ServerLevel[Thế giới mới]'/minecraft:the_nether
[23thg 62025 12:19:42.802] [Server thread/INFO] [net.minecraft.server.MinecraftServer/]: Saving chunks for level 'ServerLevel[Thế giới mới]'/minecraft:the_end
[23thg 62025 12:19:43.454] [Render thread/INFO] [net.minecraft.client.Minecraft/]: Stopping!
[23thg 62025 12:19:43.532] [Server thread/INFO] [net.minecraft.server.network.ServerGamePacketListenerImpl/]: Dev lost connection: Bị mất kết nối
[23thg 62025 12:19:43.533] [Server thread/INFO] [net.minecraft.server.MinecraftServer/]: Dev đã rời trò chơi
[23thg 62025 12:19:43.550] [Server thread/INFO] [net.minecraft.server.network.ServerCommonPacketListenerImpl/]: Stopping singleplayer server as player logged out
[23thg 62025 12:19:43.576] [Server thread/INFO] [net.minecraft.server.MinecraftServer/]: Stopping server
[23thg 62025 12:19:43.577] [Server thread/INFO] [net.minecraft.server.MinecraftServer/]: Saving players
[23thg 62025 12:19:43.577] [Server thread/INFO] [net.minecraft.server.MinecraftServer/]: Saving worlds
[23thg 62025 12:19:45.444] [Server thread/INFO] [net.minecraft.server.MinecraftServer/]: Saving chunks for level 'ServerLevel[Thế giới mới]'/minecraft:overworld
[23thg 62025 12:19:45.709] [Server thread/INFO] [net.minecraft.server.MinecraftServer/]: Saving chunks for level 'ServerLevel[Thế giới mới]'/minecraft:the_nether
[23thg 62025 12:19:45.716] [Server thread/INFO] [net.minecraft.server.MinecraftServer/]: Saving chunks for level 'ServerLevel[Thế giới mới]'/minecraft:the_end
[23thg 62025 12:19:45.735] [Server thread/INFO] [net.minecraft.server.MinecraftServer/]: ThreadedAnvilChunkStorage (Thế giới mới (2)): All chunks are saved
[23thg 62025 12:19:45.735] [Server thread/INFO] [net.minecraft.server.MinecraftServer/]: ThreadedAnvilChunkStorage (DIM-1): All chunks are saved
[23thg 62025 12:19:45.735] [Server thread/INFO] [net.minecraft.server.MinecraftServer/]: ThreadedAnvilChunkStorage (DIM1): All chunks are saved
[23thg 62025 12:19:45.735] [Server thread/INFO] [net.minecraft.server.MinecraftServer/]: ThreadedAnvilChunkStorage: All dimensions are saved
